
> business-nexus@0.1.0 build
> vite build

[36mvite v5.4.8 [32mbuilding for production...[36m[39m
transforming...
node.exe : Browserslist: caniuse-lite is outdated. Please run:
At line:1 char:1
+ & "C:\Program Files\nodejs/node.exe" "C:\Program Files\nodejs/node_mo ...
+ ~~~~~~~~~~~~~~~~~~~~~~~~~~~~~~~~~~~~~~~~~~~~~~~~~~~~~~~~~~~~~~~~~~~~~
    + CategoryInfo          : NotSpecified: (Browserslist: c...ed. Please run::String) [], RemoteException
    + FullyQualifiedErrorId : NativeCommandError
 
  npx update-browserslist-db@latest
  Why you should do it regularly: https://github.com/browserslist/update-db#readme
[32mΓ£ô[39m 1903 modules transformed.
[31mx[39m Build failed in 5.39s
[31merror during build:
[31msrc/components/walkthrough/GuidedWalkthrough.tsx (2:7): "default" is not exported by 
"node_modules/react-joyride/dist/index.mjs", imported by "src/components/walkthrough/GuidedWalkthrough.tsx".[31m
file: [36mD:/Nexus-main/src/components/walkthrough/GuidedWalkthrough.tsx:2:7[31m
[33m
1: import React, { useState, useEffect } from 'react';
2: import Joyride, { Step, CallBackProps, STATUS } from 'react-joyride';
          ^
3: import { useAuth } from '../../context/AuthContext';
[31m
    at getRollupError (file:///D:/Nexus-main/node_modules/rollup/dist/es/shared/parseAst.js:395:41)
    at error (file:///D:/Nexus-main/node_modules/rollup/dist/es/shared/parseAst.js:391:42)
    at Module.error (file:///D:/Nexus-main/node_modules/rollup/dist/es/shared/node-entry.js:15535:16)
    at Module.traceVariable (file:///D:/Nexus-main/node_modules/rollup/dist/es/shared/node-entry.js:15984:29)
    at ModuleScope.findVariable (file:///D:/Nexus-main/node_modules/rollup/dist/es/shared/node-entry.js:13770:39)
    at ReturnValueScope.findVariable (file:///D:/Nexus-main/node_modules/rollup/dist/es/shared/node-entry.js:5252:38)
    at FunctionBodyScope.findVariable (file:///D:/Nexus-main/node_modules/rollup/dist/es/shared/node-entry.js:5252:38)
    at Identifier.bind (file:///D:/Nexus-main/node_modules/rollup/dist/es/shared/node-entry.js:5035:40)
    at CallExpression.bind (file:///D:/Nexus-main/node_modules/rollup/dist/es/shared/node-entry.js:2851:28)
    at CallExpression.bind (file:///D:/Nexus-main/node_modules/rollup/dist/es/shared/node-entry.js:11235:15)[39m
